--- Startup times for process: Primary (or UI client) ---

times in msec
 clock   self+sourced   self:  sourced script
 clock   elapsed:              other lines

000.000  000.000: --- NVIM STARTING ---
000.096  000.096: event init
000.151  000.055: early init
000.181  000.031: locale set
000.206  000.025: init first window
000.436  000.230: inits 1
000.442  000.006: window checked
000.443  000.002: parsing arguments
000.773  000.032  000.032: require('vim._core.shared')
000.833  000.003  000.003: require('string.buffer')
000.851  000.032  000.029: require('vim.inspect')
000.888  000.030  000.030: require('vim._core.options')
000.889  000.114  000.052: require('vim._core.editor')
000.909  000.020  000.020: require('vim._core.system')
000.910  000.182  000.016: require('vim._init_packages')
000.911  000.285: init lua interpreter
002.608  001.697: nvim_ui_attach
002.813  000.205: nvim_set_client_info
002.815  000.001: --- NVIM STARTED ---

--- Startup times for process: Embedded ---

times in msec
 clock   self+sourced   self:  sourced script
 clock   elapsed:              other lines

000.000  000.000: --- NVIM STARTING ---
000.085  000.084: event init
000.129  000.045: early init
000.148  000.019: locale set
000.172  000.024: init first window
000.355  000.183: inits 1
000.361  000.006: window checked
000.362  000.001: parsing arguments
000.665  000.031  000.031: require('vim._core.shared')
000.711  000.003  000.003: require('string.buffer')
000.728  000.030  000.027: require('vim.inspect')
000.764  000.030  000.030: require('vim._core.options')
000.765  000.098  000.039: require('vim._core.editor')
000.783  000.017  000.017: require('vim._core.system')
000.784  000.159  000.013: require('vim._init_packages')
000.784  000.263: init lua interpreter
000.826  000.041: expanding arguments
000.842  000.017: inits 2
000.997  000.155: init highlight
000.998  000.000: waiting for UI
001.128  000.130: done waiting for UI
001.137  000.009: clear screen
001.226  000.010  000.010: require('vim.keymap')
001.646  000.079  000.079: sourcing nvim_exec2()
001.661  000.003  000.003: require('vim._core.log')
002.910  001.772  001.680: require('vim._core.defaults')
002.912  000.004: init default mappings & autocommands
003.295  000.035  000.035: sourcing /usr/share/nvim/runtime/ftplugin.vim
003.343  000.018  000.018: sourcing /usr/share/nvim/runtime/indent.vim
003.476  000.070  000.070: sourcing /usr/share/nvim/archlinux.lua
003.479  000.104  000.034: sourcing /etc/xdg/nvim/sysinit.vim
004.618  000.061  000.061: require('vim._async')
004.628  001.011  000.950: require('vim.pack')
004.653  000.019  000.019: require('vim.fs')
004.689  000.005  000.005: require('vim.F')
007.126  000.191  000.191: require('ibl.utils')
007.131  000.324  000.133: require('ibl.config')
007.276  000.048  000.048: require('ibl.indent')
007.279  000.147  000.099: require('ibl.hooks')
007.281  000.546  000.075: require('ibl.highlights')
007.312  000.030  000.030: require('ibl.autocmds')
007.373  000.060  000.060: require('ibl.inlay_hints')
007.435  000.061  000.061: require('ibl.virt_text')
007.717  000.241  000.241: require('ibl.scope_languages')
007.719  000.283  000.042: require('ibl.scope')
007.724  001.245  000.265: require('ibl')
008.988  000.566  000.566: require('vim.lsp.protocol')
009.004  000.695  000.129: require('vim.lsp.log')
009.733  000.726  000.726: require('vim.lsp.util')
009.996  000.110  000.110: require('vim.lsp.sync')
009.999  000.264  000.154: require('vim.lsp._changetracking')
010.339  000.081  000.081: require('vim.lsp._transport')
010.343  000.003  000.003: require('vim._core.stringbuffer')
010.371  000.371  000.288: require('vim.lsp.rpc')
010.421  002.691  000.634: require('vim.lsp')
011.177  000.488  000.488: require('vim.lsp.completion')
011.209  000.787  000.299: require('vim.lsp.handlers')
011.346  000.048  000.048: require('nvim-tree')
011.397  000.020  000.020: require('nvim-tree._meta.api.appearance')
011.418  000.020  000.020: require('nvim-tree._meta.api.commands')
011.443  000.025  000.025: require('nvim-tree._meta.api.config')
011.468  000.024  000.024: require('nvim-tree._meta.api.events')
011.499  000.031  000.031: require('nvim-tree._meta.api.filter')
011.537  000.037  000.037: require('nvim-tree._meta.api.fs')
011.555  000.017  000.017: require('nvim-tree._meta.api.git')
011.576  000.021  000.021: require('nvim-tree._meta.api.map')
011.606  000.029  000.029: require('nvim-tree._meta.api.marks')
011.677  000.070  000.070: require('nvim-tree._meta.api.node')
011.733  000.055  000.055: require('nvim-tree._meta.api.tree')
011.808  000.044  000.044: require('nvim-tree.classic')
011.811  000.076  000.032: require('nvim-tree._meta.api.decorator')
011.837  000.025  000.025: require('nvim-tree._meta.api.deprecated')
012.060  000.222  000.222: require('nvim-tree.api.impl')
012.141  000.053  000.053: require('nvim-tree.renderer.decorator')
012.227  000.086  000.086: require('nvim-tree.legacy')
012.229  000.881  000.071: require('nvim-tree.api')
012.360  000.130  000.130: require('nvim-tree.appearance')
013.549  000.808  000.808: require('vim.diagnostic')
013.561  001.084  000.276: require('nvim-tree.config')
013.562  001.201  000.117: require('nvim-tree.autocmd')
013.618  000.056  000.056: require('nvim-tree.log')
013.670  000.051  000.051: require('nvim-tree.view-state')
014.106  000.035  000.035: require('mason-core.path')
014.287  000.024  000.024: require('mason-core.functional.data')
014.353  000.064  000.064: require('mason-core.functional.function')
014.461  000.104  000.104: require('mason-core.functional.list')
014.494  000.029  000.029: require('mason-core.functional.relation')
014.529  000.033  000.033: require('mason-core.functional.logic')
014.554  000.024  000.024: require('mason-core.functional.number')
014.606  000.050  000.050: require('mason-core.functional.string')
014.650  000.042  000.042: require('mason-core.functional.table')
014.683  000.022  000.022: require('mason-core.functional.type')
014.690  000.490  000.099: require('mason-core.functional')
014.705  000.598  000.108: require('mason-core.platform')
014.771  000.065  000.065: require('mason.settings')
014.773  000.758  000.060: require('mason-core.installer.InstallLocation')
015.036  000.138  000.138: require('mason-core.log')
015.043  000.189  000.051: require('mason-core.EventEmitter')
015.146  000.101  000.101: require('mason-registry.sources')
015.150  000.376  000.086: require('mason-registry')
015.151  001.176  000.042: require('mason')
015.381  000.150  000.150: require('mason.api.command')
016.668  000.042  000.042: require('vim.func')
016.760  000.066  000.066: require('vim.func._memoize')
016.776  000.823  000.715: require('fzf-lua.utils')
017.231  000.099  000.099: require('fzf-lua.lib.base64')
017.467  000.235  000.235: require('fzf-lua.lib.serpent')
017.470  000.693  000.359: require('fzf-lua.libuv')
017.478  001.827  000.311: require('fzf-lua.path')
018.857  000.833  000.833: require('fzf-lua.actions')
019.129  000.035  000.035: require('fzf-lua.class')
019.140  000.281  000.246: require('fzf-lua.devicons')
020.142  000.061  000.061: require('fzf-lua.previewer')
020.459  001.316  001.255: require('fzf-lua.defaults')
020.465  002.985  000.555: require('fzf-lua.config')
020.530  000.010  000.010: sourcing /home/colton/.local/share/nvim/site/pack/core/opt/fzf-lua/autoload/fzf_lua.vim
020.532  000.032  000.022: sourcing nvim_exec2() called at /home/colton/.config/nvim/init.lua:0
021.270  000.583  000.583: require('fzf-lua.win')
021.887  000.072  000.072: require('fzf-lua.fzf')
022.089  000.200  000.200: require('fzf-lua.shell')
022.094  000.823  000.551: require('fzf-lua.core')
022.401  000.303  000.303: require('fzf-lua.make_entry')
022.404  007.020  000.467: require('fzf-lua')
022.980  000.050  000.050: require('lualine_require')
023.121  000.423  000.374: require('lualine')
023.189  000.007  000.007: sourcing nvim_exec2() called at /home/colton/.config/nvim/init.lua:0
023.551  000.169  000.169: require('lualine.highlight')
023.985  000.005  000.005: sourcing nvim_exec2() called at /home/colton/.config/nvim/init.lua:0
024.074  000.003  000.003: sourcing nvim_exec2() called at /home/colton/.config/nvim/init.lua:0
024.112  000.003  000.003: sourcing nvim_exec2() called at /home/colton/.config/nvim/init.lua:0
024.140  000.002  000.002: sourcing nvim_exec2() called at /home/colton/.config/nvim/init.lua:0
024.158  000.001  000.001: sourcing nvim_exec2() called at /home/colton/.config/nvim/init.lua:0
024.199  000.002  000.002: sourcing nvim_exec2() called at /home/colton/.config/nvim/init.lua:0
024.222  000.001  000.001: sourcing nvim_exec2() called at /home/colton/.config/nvim/init.lua:0
024.242  000.001  000.001: sourcing nvim_exec2() called at /home/colton/.config/nvim/init.lua:0
024.267  000.001  000.001: sourcing nvim_exec2() called at /home/colton/.config/nvim/init.lua:0
024.283  000.001  000.001: sourcing nvim_exec2() called at /home/colton/.config/nvim/init.lua:0
024.301  000.001  000.001: sourcing nvim_exec2() called at /home/colton/.config/nvim/init.lua:0
024.330  000.002  000.002: sourcing nvim_exec2() called at /home/colton/.config/nvim/init.lua:0
024.359  000.001  000.001: sourcing nvim_exec2() called at /home/colton/.config/nvim/init.lua:0
024.375  000.001  000.001: sourcing nvim_exec2() called at /home/colton/.config/nvim/init.lua:0
024.393  000.001  000.001: sourcing nvim_exec2() called at /home/colton/.config/nvim/init.lua:0
024.408  000.001  000.001: sourcing nvim_exec2() called at /home/colton/.config/nvim/init.lua:0
024.424  000.001  000.001: sourcing nvim_exec2() called at /home/colton/.config/nvim/init.lua:0
024.442  000.001  000.001: sourcing nvim_exec2() called at /home/colton/.config/nvim/init.lua:0
024.457  000.001  000.001: sourcing nvim_exec2() called at /home/colton/.config/nvim/init.lua:0
024.474  000.001  000.001: sourcing nvim_exec2() called at /home/colton/.config/nvim/init.lua:0
024.490  000.001  000.001: sourcing nvim_exec2() called at /home/colton/.config/nvim/init.lua:0
024.507  000.001  000.001: sourcing nvim_exec2() called at /home/colton/.config/nvim/init.lua:0
024.514  000.006  000.006: sourcing nvim_exec2() called at /home/colton/.config/nvim/init.lua:0
024.805  000.031  000.031: require('lualine.utils.mode')
024.990  000.004  000.004: sourcing nvim_exec2() called at /home/colton/.config/nvim/init.lua:0
024.995  000.003  000.003: sourcing nvim_exec2() called at /home/colton/.config/nvim/init.lua:0
025.125  000.005  000.005: sourcing nvim_exec2() called at /home/colton/.config/nvim/init.lua:0
025.143  000.002  000.002: sourcing nvim_exec2() called at /home/colton/.config/nvim/init.lua:0
025.160  000.001  000.001: sourcing nvim_exec2() called at /home/colton/.config/nvim/init.lua:0
025.178  000.001  000.001: sourcing nvim_exec2() called at /home/colton/.config/nvim/init.lua:0
025.194  000.001  000.001: sourcing nvim_exec2() called at /home/colton/.config/nvim/init.lua:0
025.211  000.001  000.001: sourcing nvim_exec2() called at /home/colton/.config/nvim/init.lua:0
025.227  000.001  000.001: sourcing nvim_exec2() called at /home/colton/.config/nvim/init.lua:0
025.245  000.001  000.001: sourcing nvim_exec2() called at /home/colton/.config/nvim/init.lua:0
025.260  000.001  000.001: sourcing nvim_exec2() called at /home/colton/.config/nvim/init.lua:0
025.283  000.001  000.001: sourcing nvim_exec2() called at /home/colton/.config/nvim/init.lua:0
025.301  000.001  000.001: sourcing nvim_exec2() called at /home/colton/.config/nvim/init.lua:0
025.319  000.001  000.001: sourcing nvim_exec2() called at /home/colton/.config/nvim/init.lua:0
025.338  000.001  000.001: sourcing nvim_exec2() called at /home/colton/.config/nvim/init.lua:0
025.362  000.001  000.001: sourcing nvim_exec2() called at /home/colton/.config/nvim/init.lua:0
025.381  000.001  000.001: sourcing nvim_exec2() called at /home/colton/.config/nvim/init.lua:0
025.396  000.001  000.001: sourcing nvim_exec2() called at /home/colton/.config/nvim/init.lua:0
025.413  000.001  000.001: sourcing nvim_exec2() called at /home/colton/.config/nvim/init.lua:0
025.428  000.001  000.001: sourcing nvim_exec2() called at /home/colton/.config/nvim/init.lua:0
025.444  000.001  000.001: sourcing nvim_exec2() called at /home/colton/.config/nvim/init.lua:0
025.463  000.001  000.001: sourcing nvim_exec2() called at /home/colton/.config/nvim/init.lua:0
025.478  000.001  000.001: sourcing nvim_exec2() called at /home/colton/.config/nvim/init.lua:0
025.555  000.004  000.004: sourcing nvim_exec2() called at /home/colton/.config/nvim/init.lua:0
025.559  000.001  000.001: sourcing nvim_exec2() called at /home/colton/.config/nvim/init.lua:0
025.561  000.001  000.001: sourcing nvim_exec2() called at /home/colton/.config/nvim/init.lua:0
025.564  000.002  000.002: sourcing nvim_exec2() called at /home/colton/.config/nvim/init.lua:0
025.788  000.004  000.004: sourcing nvim_exec2() called at /home/colton/.config/nvim/init.lua:0
025.806  000.002  000.002: sourcing nvim_exec2() called at /home/colton/.config/nvim/init.lua:0
025.824  000.001  000.001: sourcing nvim_exec2() called at /home/colton/.config/nvim/init.lua:0
025.840  000.001  000.001: sourcing nvim_exec2() called at /home/colton/.config/nvim/init.lua:0
025.855  000.001  000.001: sourcing nvim_exec2() called at /home/colton/.config/nvim/init.lua:0
025.873  000.001  000.001: sourcing nvim_exec2() called at /home/colton/.config/nvim/init.lua:0
025.910  000.001  000.001: sourcing nvim_exec2() called at /home/colton/.config/nvim/init.lua:0
025.928  000.002  000.002: sourcing nvim_exec2() called at /home/colton/.config/nvim/init.lua:0
025.946  000.001  000.001: sourcing nvim_exec2() called at /home/colton/.config/nvim/init.lua:0
025.961  000.001  000.001: sourcing nvim_exec2() called at /home/colton/.config/nvim/init.lua:0
025.978  000.001  000.001: sourcing nvim_exec2() called at /home/colton/.config/nvim/init.lua:0
025.994  000.001  000.001: sourcing nvim_exec2() called at /home/colton/.config/nvim/init.lua:0
026.020  000.001  000.001: sourcing nvim_exec2() called at /home/colton/.config/nvim/init.lua:0
026.042  000.006  000.006: sourcing nvim_exec2() called at /home/colton/.config/nvim/init.lua:0
026.059  000.002  000.002: sourcing nvim_exec2() called at /home/colton/.config/nvim/init.lua:0
026.076  000.001  000.001: sourcing nvim_exec2() called at /home/colton/.config/nvim/init.lua:0
026.092  000.001  000.001: sourcing nvim_exec2() called at /home/colton/.config/nvim/init.lua:0
026.108  000.001  000.001: sourcing nvim_exec2() called at /home/colton/.config/nvim/init.lua:0
026.124  000.001  000.001: sourcing nvim_exec2() called at /home/colton/.config/nvim/init.lua:0
026.139  000.001  000.001: sourcing nvim_exec2() called at /home/colton/.config/nvim/init.lua:0
026.156  000.001  000.001: sourcing nvim_exec2() called at /home/colton/.config/nvim/init.lua:0
026.183  000.002  000.002: sourcing nvim_exec2() called at /home/colton/.config/nvim/init.lua:0
026.202  000.001  000.001: sourcing nvim_exec2() called at /home/colton/.config/nvim/init.lua:0
026.233  000.001  000.001: sourcing nvim_exec2() called at /home/colton/.config/nvim/init.lua:0
026.249  000.001  000.001: sourcing nvim_exec2() called at /home/colton/.config/nvim/init.lua:0
026.265  000.001  000.001: sourcing nvim_exec2() called at /home/colton/.config/nvim/init.lua:0
026.281  000.001  000.001: sourcing nvim_exec2() called at /home/colton/.config/nvim/init.lua:0
026.298  000.001  000.001: sourcing nvim_exec2() called at /home/colton/.config/nvim/init.lua:0
026.634  000.006  000.006: sourcing nvim_exec2() called at /home/colton/.config/nvim/init.lua:0
026.650  000.003  000.003: sourcing nvim_exec2() called at /home/colton/.config/nvim/init.lua:0
026.659  000.007  000.007: sourcing nvim_exec2() called at /home/colton/.config/nvim/init.lua:0
026.664  000.003  000.003: sourcing nvim_exec2() called at /home/colton/.config/nvim/init.lua:0
026.667  000.002  000.002: sourcing nvim_exec2() called at /home/colton/.config/nvim/init.lua:0
026.820  000.075  000.075: require('kanagawa')
026.877  000.056  000.056: require('kanagawa.utils')
026.940  000.058  000.058: require('kanagawa.colors')
027.388  000.262  000.262: require('kanagawa.lib.hsluv')
027.391  000.317  000.055: require('kanagawa.lib.color')
027.392  000.432  000.115: require('kanagawa.themes')
027.444  000.041  000.041: require('kanagawa.highlights')
027.598  000.153  000.153: require('kanagawa.highlights.editor')
027.693  000.059  000.059: require('kanagawa.highlights.syntax')
027.772  000.067  000.067: require('kanagawa.highlights.treesitter')
027.826  000.045  000.045: require('kanagawa.highlights.lsp')
028.239  000.409  000.409: require('kanagawa.highlights.plugins')
028.812  002.073  000.679: sourcing /home/colton/.local/share/nvim/site/pack/core/opt/kanagawa.nvim/colors/kanagawa.vim
028.888  000.006  000.006: sourcing nvim_exec2() called at ColorScheme Autocommands for "*":0
029.127  000.005  000.005: sourcing nvim_exec2() called at ColorScheme Autocommands for "*":0
029.131  000.001  000.001: sourcing nvim_exec2() called at ColorScheme Autocommands for "*":0
029.133  000.001  000.001: sourcing nvim_exec2() called at ColorScheme Autocommands for "*":0
029.135  000.001  000.001: sourcing nvim_exec2() called at ColorScheme Autocommands for "*":0
029.147  000.001  000.001: sourcing nvim_exec2() called at ColorScheme Autocommands for "*":0
029.148  000.001  000.001: sourcing nvim_exec2() called at ColorScheme Autocommands for "*":0
029.150  000.001  000.001: sourcing nvim_exec2() called at ColorScheme Autocommands for "*":0
029.151  000.001  000.001: sourcing nvim_exec2() called at ColorScheme Autocommands for "*":0
029.153  000.001  000.001: sourcing nvim_exec2() called at ColorScheme Autocommands for "*":0
029.154  000.001  000.001: sourcing nvim_exec2() called at ColorScheme Autocommands for "*":0
029.156  000.001  000.001: sourcing nvim_exec2() called at ColorScheme Autocommands for "*":0
029.157  000.001  000.001: sourcing nvim_exec2() called at ColorScheme Autocommands for "*":0
029.159  000.001  000.001: sourcing nvim_exec2() called at ColorScheme Autocommands for "*":0
029.160  000.001  000.001: sourcing nvim_exec2() called at ColorScheme Autocommands for "*":0
029.162  000.001  000.001: sourcing nvim_exec2() called at ColorScheme Autocommands for "*":0
029.163  000.001  000.001: sourcing nvim_exec2() called at ColorScheme Autocommands for "*":0
029.166  000.001  000.001: sourcing nvim_exec2() called at ColorScheme Autocommands for "*":0
029.168  000.001  000.001: sourcing nvim_exec2() called at ColorScheme Autocommands for "*":0
029.169  000.001  000.001: sourcing nvim_exec2() called at ColorScheme Autocommands for "*":0
029.171  000.001  000.001: sourcing nvim_exec2() called at ColorScheme Autocommands for "*":0
029.172  000.001  000.001: sourcing nvim_exec2() called at ColorScheme Autocommands for "*":0
029.174  000.001  000.001: sourcing nvim_exec2() called at ColorScheme Autocommands for "*":0
029.175  000.001  000.001: sourcing nvim_exec2() called at ColorScheme Autocommands for "*":0
029.176  000.001  000.001: sourcing nvim_exec2() called at ColorScheme Autocommands for "*":0
029.178  000.001  000.001: sourcing nvim_exec2() called at ColorScheme Autocommands for "*":0
029.180  000.001  000.001: sourcing nvim_exec2() called at ColorScheme Autocommands for "*":0
029.181  000.001  000.001: sourcing nvim_exec2() called at ColorScheme Autocommands for "*":0
029.182  000.001  000.001: sourcing nvim_exec2() called at ColorScheme Autocommands for "*":0
029.184  000.001  000.001: sourcing nvim_exec2() called at ColorScheme Autocommands for "*":0
029.185  000.001  000.001: sourcing nvim_exec2() called at ColorScheme Autocommands for "*":0
029.186  000.001  000.001: sourcing nvim_exec2() called at ColorScheme Autocommands for "*":0
029.188  000.001  000.001: sourcing nvim_exec2() called at ColorScheme Autocommands for "*":0
029.189  000.001  000.001: sourcing nvim_exec2() called at ColorScheme Autocommands for "*":0
029.191  000.001  000.001: sourcing nvim_exec2() called at ColorScheme Autocommands for "*":0
029.194  000.001  000.001: sourcing nvim_exec2() called at ColorScheme Autocommands for "*":0
029.195  000.001  000.001: sourcing nvim_exec2() called at ColorScheme Autocommands for "*":0
029.197  000.001  000.001: sourcing nvim_exec2() called at ColorScheme Autocommands for "*":0
029.198  000.001  000.001: sourcing nvim_exec2() called at ColorScheme Autocommands for "*":0
029.200  000.001  000.001: sourcing nvim_exec2() called at ColorScheme Autocommands for "*":0
029.201  000.001  000.001: sourcing nvim_exec2() called at ColorScheme Autocommands for "*":0
029.203  000.001  000.001: sourcing nvim_exec2() called at ColorScheme Autocommands for "*":0
029.204  000.001  000.001: sourcing nvim_exec2() called at ColorScheme Autocommands for "*":0
029.205  000.001  000.001: sourcing nvim_exec2() called at ColorScheme Autocommands for "*":0
029.207  000.001  000.001: sourcing nvim_exec2() called at ColorScheme Autocommands for "*":0
029.208  000.001  000.001: sourcing nvim_exec2() called at ColorScheme Autocommands for "*":0
029.210  000.001  000.001: sourcing nvim_exec2() called at ColorScheme Autocommands for "*":0
029.211  000.001  000.001: sourcing nvim_exec2() called at ColorScheme Autocommands for "*":0
029.212  000.001  000.001: sourcing nvim_exec2() called at ColorScheme Autocommands for "*":0
029.214  000.001  000.001: sourcing nvim_exec2() called at ColorScheme Autocommands for "*":0
029.216  000.001  000.001: sourcing nvim_exec2() called at ColorScheme Autocommands for "*":0
029.217  000.001  000.001: sourcing nvim_exec2() called at ColorScheme Autocommands for "*":0
029.218  000.001  000.001: sourcing nvim_exec2() called at ColorScheme Autocommands for "*":0
029.219  000.001  000.001: sourcing nvim_exec2() called at ColorScheme Autocommands for "*":0
029.222  000.001  000.001: sourcing nvim_exec2() called at ColorScheme Autocommands for "*":0
029.224  000.001  000.001: sourcing nvim_exec2() called at ColorScheme Autocommands for "*":0
029.241  000.001  000.001: sourcing nvim_exec2() called at ColorScheme Autocommands for "*":0
029.243  000.001  000.001: sourcing nvim_exec2() called at ColorScheme Autocommands for "*":0
029.244  000.000  000.000: sourcing nvim_exec2() called at ColorScheme Autocommands for "*":0
029.245  000.001  000.001: sourcing nvim_exec2() called at ColorScheme Autocommands for "*":0
029.247  000.001  000.001: sourcing nvim_exec2() called at ColorScheme Autocommands for "*":0
029.248  000.001  000.001: sourcing nvim_exec2() called at ColorScheme Autocommands for "*":0
029.250  000.001  000.001: sourcing nvim_exec2() called at ColorScheme Autocommands for "*":0
029.252  000.001  000.001: sourcing nvim_exec2() called at ColorScheme Autocommands for "*":0
029.253  000.001  000.001: sourcing nvim_exec2() called at ColorScheme Autocommands for "*":0
029.254  000.001  000.001: sourcing nvim_exec2() called at ColorScheme Autocommands for "*":0
029.256  000.001  000.001: sourcing nvim_exec2() called at ColorScheme Autocommands for "*":0
029.259  000.001  000.001: sourcing nvim_exec2() called at ColorScheme Autocommands for "*":0
029.261  000.001  000.001: sourcing nvim_exec2() called at ColorScheme Autocommands for "*":0
029.264  000.001  000.001: sourcing nvim_exec2() called at ColorScheme Autocommands for "*":0
029.266  000.001  000.001: sourcing nvim_exec2() called at ColorScheme Autocommands for "*":0
029.267  000.001  000.001: sourcing nvim_exec2() called at ColorScheme Autocommands for "*":0
029.294  000.003  000.003: sourcing nvim_exec2() called at ColorScheme Autocommands for "*":0
029.302  000.002  000.002: sourcing nvim_exec2() called at ColorScheme Autocommands for "*":0
029.307  000.001  000.001: sourcing nvim_exec2() called at ColorScheme Autocommands for "*":0
029.310  000.001  000.001: sourcing nvim_exec2() called at ColorScheme Autocommands for "*":0
029.316  000.001  000.001: sourcing nvim_exec2() called at ColorScheme Autocommands for "*":0
029.319  000.001  000.001: sourcing nvim_exec2() called at ColorScheme Autocommands for "*":0
029.323  000.001  000.001: sourcing nvim_exec2() called at ColorScheme Autocommands for "*":0
029.328  000.001  000.001: sourcing nvim_exec2() called at ColorScheme Autocommands for "*":0
029.332  000.001  000.001: sourcing nvim_exec2() called at ColorScheme Autocommands for "*":0
029.336  000.001  000.001: sourcing nvim_exec2() called at ColorScheme Autocommands for "*":0
029.345  000.004  000.004: sourcing nvim_exec2() called at ColorScheme Autocommands for "*":0
029.357  000.001  000.001: sourcing nvim_exec2() called at ColorScheme Autocommands for "*":0
029.363  000.001  000.001: sourcing nvim_exec2() called at ColorScheme Autocommands for "*":0
029.366  000.001  000.001: sourcing nvim_exec2() called at ColorScheme Autocommands for "*":0
029.370  000.001  000.001: sourcing nvim_exec2() called at ColorScheme Autocommands for "*":0
029.378  000.006  000.006: sourcing nvim_exec2() called at ColorScheme Autocommands for "*":0
029.400  000.002  000.002: sourcing nvim_exec2() called at ColorScheme Autocommands for "*":0
029.403  000.001  000.001: sourcing nvim_exec2() called at ColorScheme Autocommands for "*":0
029.449  000.002  000.002: sourcing nvim_exec2() called at ColorScheme Autocommands for "*":0
029.453  000.001  000.001: sourcing nvim_exec2() called at ColorScheme Autocommands for "*":0
029.465  000.001  000.001: sourcing nvim_exec2() called at ColorScheme Autocommands for "*":0
029.469  000.001  000.001: sourcing nvim_exec2() called at ColorScheme Autocommands for "*":0
029.472  000.001  000.001: sourcing nvim_exec2() called at ColorScheme Autocommands for "*":0
029.478  000.001  000.001: sourcing nvim_exec2() called at ColorScheme Autocommands for "*":0
029.482  000.001  000.001: sourcing nvim_exec2() called at ColorScheme Autocommands for "*":0
029.495  000.001  000.001: sourcing nvim_exec2() called at ColorScheme Autocommands for "*":0
029.498  000.001  000.001: sourcing nvim_exec2() called at ColorScheme Autocommands for "*":0
029.502  000.001  000.001: sourcing nvim_exec2() called at ColorScheme Autocommands for "*":0
029.507  000.001  000.001: sourcing nvim_exec2() called at ColorScheme Autocommands for "*":0
029.516  000.001  000.001: sourcing nvim_exec2() called at ColorScheme Autocommands for "*":0
029.521  000.001  000.001: sourcing nvim_exec2() called at ColorScheme Autocommands for "*":0
029.526  000.001  000.001: sourcing nvim_exec2() called at ColorScheme Autocommands for "*":0
029.531  000.001  000.001: sourcing nvim_exec2() called at ColorScheme Autocommands for "*":0
029.536  000.001  000.001: sourcing nvim_exec2() called at ColorScheme Autocommands for "*":0
029.540  000.001  000.001: sourcing nvim_exec2() called at ColorScheme Autocommands for "*":0
029.548  000.001  000.001: sourcing nvim_exec2() called at ColorScheme Autocommands for "*":0
029.552  000.001  000.001: sourcing nvim_exec2() called at ColorScheme Autocommands for "*":0
029.557  000.001  000.001: sourcing nvim_exec2() called at ColorScheme Autocommands for "*":0
029.561  000.001  000.001: sourcing nvim_exec2() called at ColorScheme Autocommands for "*":0
029.566  000.003  000.003: sourcing nvim_exec2() called at ColorScheme Autocommands for "*":0
029.569  000.001  000.001: sourcing nvim_exec2() called at ColorScheme Autocommands for "*":0
029.571  000.001  000.001: sourcing nvim_exec2() called at ColorScheme Autocommands for "*":0
029.574  000.001  000.001: sourcing nvim_exec2() called at ColorScheme Autocommands for "*":0
029.601  000.001  000.001: sourcing nvim_exec2() called at ColorScheme Autocommands for "*":0
029.606  000.001  000.001: sourcing nvim_exec2() called at ColorScheme Autocommands for "*":0
029.609  000.001  000.001: sourcing nvim_exec2() called at ColorScheme Autocommands for "*":0
029.614  000.001  000.001: sourcing nvim_exec2() called at ColorScheme Autocommands for "*":0
029.617  000.001  000.001: sourcing nvim_exec2() called at ColorScheme Autocommands for "*":0
029.622  000.001  000.001: sourcing nvim_exec2() called at ColorScheme Autocommands for "*":0
029.626  000.001  000.001: sourcing nvim_exec2() called at ColorScheme Autocommands for "*":0
029.677  000.001  000.001: sourcing nvim_exec2() called at ColorScheme Autocommands for "*":0
029.684  000.001  000.001: sourcing nvim_exec2() called at ColorScheme Autocommands for "*":0
029.688  000.001  000.001: sourcing nvim_exec2() called at ColorScheme Autocommands for "*":0
029.692  000.001  000.001: sourcing nvim_exec2() called at ColorScheme Autocommands for "*":0
029.697  000.001  000.001: sourcing nvim_exec2() called at ColorScheme Autocommands for "*":0
029.712  000.001  000.001: sourcing nvim_exec2() called at ColorScheme Autocommands for "*":0
029.716  000.001  000.001: sourcing nvim_exec2() called at ColorScheme Autocommands for "*":0
029.730  000.001  000.001: sourcing nvim_exec2() called at ColorScheme Autocommands for "*":0
029.735  000.003  000.003: sourcing nvim_exec2() called at ColorScheme Autocommands for "*":0
029.738  000.001  000.001: sourcing nvim_exec2() called at ColorScheme Autocommands for "*":0
029.742  000.001  000.001: sourcing nvim_exec2() called at ColorScheme Autocommands for "*":0
029.745  000.001  000.001: sourcing nvim_exec2() called at ColorScheme Autocommands for "*":0
029.748  000.001  000.001: sourcing nvim_exec2() called at ColorScheme Autocommands for "*":0
029.754  000.001  000.001: sourcing nvim_exec2() called at ColorScheme Autocommands for "*":0
029.758  000.001  000.001: sourcing nvim_exec2() called at ColorScheme Autocommands for "*":0
029.764  000.001  000.001: sourcing nvim_exec2() called at ColorScheme Autocommands for "*":0
029.767  000.001  000.001: sourcing nvim_exec2() called at ColorScheme Autocommands for "*":0
029.770  000.001  000.001: sourcing nvim_exec2() called at ColorScheme Autocommands for "*":0
029.774  000.001  000.001: sourcing nvim_exec2() called at ColorScheme Autocommands for "*":0
029.778  000.001  000.001: sourcing nvim_exec2() called at ColorScheme Autocommands for "*":0
029.781  000.001  000.001: sourcing nvim_exec2() called at ColorScheme Autocommands for "*":0
029.869  000.006  000.006: sourcing nvim_exec2() called at ColorScheme Autocommands for "*":0
029.878  000.002  000.002: sourcing nvim_exec2() called at ColorScheme Autocommands for "*":0
029.884  000.005  000.005: sourcing nvim_exec2() called at ColorScheme Autocommands for "*":0
029.889  000.003  000.003: sourcing nvim_exec2() called at ColorScheme Autocommands for "*":0
029.894  000.002  000.002: sourcing nvim_exec2() called at ColorScheme Autocommands for "*":0
029.900  003.228  001.000: sourcing nvim_exec2() called at /home/colton/.config/nvim/init.lua:0
029.946  026.447  005.967: sourcing /home/colton/.config/nvim/init.lua
029.951  000.434: sourcing vimrc file(s)
030.114  000.051  000.051: sourcing nvim_exec2() called at /usr/share/nvim/runtime/filetype.lua:0
030.115  000.106  000.055: sourcing /usr/share/nvim/runtime/filetype.lua
030.238  000.049  000.049: sourcing /usr/share/nvim/runtime/syntax/synload.vim
030.278  000.135  000.086: sourcing /usr/share/nvim/runtime/syntax/syntax.vim
030.477  000.031  000.031: sourcing /home/colton/.local/share/nvim/site/pack/core/opt/fzf-lua/plugin/fzf-lua.lua
030.616  000.087  000.087: require('nvim-tree.commands')
030.669  000.148  000.061: sourcing /home/colton/.local/share/nvim/site/pack/core/opt/nvim-tree.lua/plugin/nvim-tree.lua
031.875  000.077  000.077: require('vim.treesitter.language')
031.966  000.089  000.089: require('vim.treesitter._range')
032.012  000.576  000.410: require('vim.treesitter.query')
032.023  001.022  000.446: require('vim.treesitter.languagetree')
032.027  001.206  000.184: require('vim.treesitter')
032.148  001.391  000.185: sourcing /home/colton/.local/share/nvim/site/pack/core/opt/nvim-treesitter/plugin/filetypes.lua
032.278  000.110  000.110: sourcing /home/colton/.local/share/nvim/site/pack/core/opt/nvim-treesitter/plugin/nvim-treesitter.lua
032.336  000.041  000.041: sourcing /home/colton/.local/share/nvim/site/pack/core/opt/nvim-treesitter/plugin/query_predicates.lua
032.414  000.017  000.017: sourcing /home/colton/.local/share/nvim/site/pack/core/opt/nvim-web-devicons/plugin/nvim-web-devicons.vim
032.677  000.087  000.087: sourcing /usr/share/nvim/runtime/plugin/gzip.vim
033.061  000.090  000.090: sourcing /usr/share/nvim/runtime/pack/dist/opt/matchit/plugin/matchit.vim
033.096  000.406  000.316: sourcing /usr/share/nvim/runtime/plugin/matchit.vim
033.176  000.070  000.070: sourcing /usr/share/nvim/runtime/plugin/matchparen.vim
033.586  000.108  000.108: sourcing /usr/share/nvim/runtime/pack/dist/opt/netrw/plugin/netrwPlugin.vim
033.621  000.427  000.319: sourcing /usr/share/nvim/runtime/plugin/netrwPlugin.vim
033.704  000.067  000.067: sourcing /usr/share/nvim/runtime/plugin/rplugin.vim
033.769  000.050  000.050: sourcing /usr/share/nvim/runtime/plugin/tarPlugin.vim
033.797  000.008  000.008: sourcing /usr/share/nvim/runtime/plugin/tutor.vim
033.873  000.064  000.064: sourcing /usr/share/nvim/runtime/plugin/zipPlugin.vim
033.922  000.033  000.033: sourcing /usr/share/nvim/runtime/plugin/editorconfig.lua
034.023  000.087  000.087: sourcing /usr/share/nvim/runtime/plugin/man.lua
034.185  000.149  000.149: sourcing /usr/share/nvim/runtime/plugin/net.lua
034.278  000.080  000.080: sourcing /usr/share/nvim/runtime/plugin/osc52.lua
034.379  000.086  000.086: sourcing /usr/share/nvim/runtime/plugin/shada.lua
034.417  000.019  000.019: sourcing /usr/share/nvim/runtime/plugin/spellfile.lua
034.439  000.877: loading rtp plugins
034.543  000.104: loading packages
034.651  000.058  000.058: sourcing /home/colton/.local/share/nvim/site/pack/core/opt/indent-blankline.nvim/after/plugin/commands.lua
034.653  000.051: loading after plugins
034.658  000.005: inits 3
035.624  000.966: reading ShaDa
035.678  000.054: opening buffers
035.720  000.042: BufEnter autocommands
035.721  000.001: editing files in windows
035.822  000.006  000.006: sourcing nvim_exec2() called at OptionSet Autocommands for "background":0
036.159  000.003  000.003: sourcing nvim_exec2() called at OptionSet Autocommands for "background":0
036.162  000.001  000.001: sourcing nvim_exec2() called at OptionSet Autocommands for "background":0
036.170  000.001  000.001: sourcing nvim_exec2() called at OptionSet Autocommands for "background":0
036.171  000.001  000.001: sourcing nvim_exec2() called at OptionSet Autocommands for "background":0
036.173  000.001  000.001: sourcing nvim_exec2() called at OptionSet Autocommands for "background":0
036.174  000.001  000.001: sourcing nvim_exec2() called at OptionSet Autocommands for "background":0
036.176  000.001  000.001: sourcing nvim_exec2() called at OptionSet Autocommands for "background":0
036.177  000.001  000.001: sourcing nvim_exec2() called at OptionSet Autocommands for "background":0
036.182  000.001  000.001: sourcing nvim_exec2() called at OptionSet Autocommands for "background":0
036.183  000.001  000.001: sourcing nvim_exec2() called at OptionSet Autocommands for "background":0
036.185  000.001  000.001: sourcing nvim_exec2() called at OptionSet Autocommands for "background":0
036.186  000.001  000.001: sourcing nvim_exec2() called at OptionSet Autocommands for "background":0
036.188  000.001  000.001: sourcing nvim_exec2() called at OptionSet Autocommands for "background":0
036.194  000.001  000.001: sourcing nvim_exec2() called at OptionSet Autocommands for "background":0
036.195  000.001  000.001: sourcing nvim_exec2() called at OptionSet Autocommands for "background":0
036.196  000.001  000.001: sourcing nvim_exec2() called at OptionSet Autocommands for "background":0
036.198  000.001  000.001: sourcing nvim_exec2() called at OptionSet Autocommands for "background":0
036.199  000.001  000.001: sourcing nvim_exec2() called at OptionSet Autocommands for "background":0
036.207  000.001  000.001: sourcing nvim_exec2() called at OptionSet Autocommands for "background":0
036.209  000.001  000.001: sourcing nvim_exec2() called at OptionSet Autocommands for "background":0
036.210  000.001  000.001: sourcing nvim_exec2() called at OptionSet Autocommands for "background":0
036.211  000.001  000.001: sourcing nvim_exec2() called at OptionSet Autocommands for "background":0
036.213  000.001  000.001: sourcing nvim_exec2() called at OptionSet Autocommands for "background":0
036.214  000.001  000.001: sourcing nvim_exec2() called at OptionSet Autocommands for "background":0
036.218  000.001  000.001: sourcing nvim_exec2() called at OptionSet Autocommands for "background":0
036.219  000.001  000.001: sourcing nvim_exec2() called at OptionSet Autocommands for "background":0
036.221  000.001  000.001: sourcing nvim_exec2() called at OptionSet Autocommands for "background":0
036.222  000.001  000.001: sourcing nvim_exec2() called at OptionSet Autocommands for "background":0
036.223  000.001  000.001: sourcing nvim_exec2() called at OptionSet Autocommands for "background":0
036.230  000.001  000.001: sourcing nvim_exec2() called at OptionSet Autocommands for "background":0
036.231  000.000  000.000: sourcing nvim_exec2() called at OptionSet Autocommands for "background":0
036.233  000.001  000.001: sourcing nvim_exec2() called at OptionSet Autocommands for "background":0
036.234  000.001  000.001: sourcing nvim_exec2() called at OptionSet Autocommands for "background":0
036.236  000.001  000.001: sourcing nvim_exec2() called at OptionSet Autocommands for "background":0
036.237  000.001  000.001: sourcing nvim_exec2() called at OptionSet Autocommands for "background":0
036.242  000.001  000.001: sourcing nvim_exec2() called at OptionSet Autocommands for "background":0
036.243  000.001  000.001: sourcing nvim_exec2() called at OptionSet Autocommands for "background":0
036.245  000.001  000.001: sourcing nvim_exec2() called at OptionSet Autocommands for "background":0
036.246  000.001  000.001: sourcing nvim_exec2() called at OptionSet Autocommands for "background":0
036.248  000.001  000.001: sourcing nvim_exec2() called at OptionSet Autocommands for "background":0
036.254  000.001  000.001: sourcing nvim_exec2() called at OptionSet Autocommands for "background":0
036.256  000.001  000.001: sourcing nvim_exec2() called at OptionSet Autocommands for "background":0
036.257  000.001  000.001: sourcing nvim_exec2() called at OptionSet Autocommands for "background":0
036.258  000.001  000.001: sourcing nvim_exec2() called at OptionSet Autocommands for "background":0
036.259  000.001  000.001: sourcing nvim_exec2() called at OptionSet Autocommands for "background":0
036.261  000.001  000.001: sourcing nvim_exec2() called at OptionSet Autocommands for "background":0
036.265  000.001  000.001: sourcing nvim_exec2() called at OptionSet Autocommands for "background":0
036.267  000.001  000.001: sourcing nvim_exec2() called at OptionSet Autocommands for "background":0
036.268  000.001  000.001: sourcing nvim_exec2() called at OptionSet Autocommands for "background":0
036.270  000.001  000.001: sourcing nvim_exec2() called at OptionSet Autocommands for "background":0
036.271  000.001  000.001: sourcing nvim_exec2() called at OptionSet Autocommands for "background":0
036.277  000.001  000.001: sourcing nvim_exec2() called at OptionSet Autocommands for "background":0
036.278  000.001  000.001: sourcing nvim_exec2() called at OptionSet Autocommands for "background":0
036.280  000.001  000.001: sourcing nvim_exec2() called at OptionSet Autocommands for "background":0
036.281  000.001  000.001: sourcing nvim_exec2() called at OptionSet Autocommands for "background":0
036.283  000.000  000.000: sourcing nvim_exec2() called at OptionSet Autocommands for "background":0
036.286  000.001  000.001: sourcing nvim_exec2() called at OptionSet Autocommands for "background":0
036.288  000.001  000.001: sourcing nvim_exec2() called at OptionSet Autocommands for "background":0
036.290  000.001  000.001: sourcing nvim_exec2() called at OptionSet Autocommands for "background":0
036.291  000.001  000.001: sourcing nvim_exec2() called at OptionSet Autocommands for "background":0
036.293  000.001  000.001: sourcing nvim_exec2() called at OptionSet Autocommands for "background":0
036.294  000.001  000.001: sourcing nvim_exec2() called at OptionSet Autocommands for "background":0
036.297  000.001  000.001: sourcing nvim_exec2() called at OptionSet Autocommands for "background":0
036.299  000.001  000.001: sourcing nvim_exec2() called at OptionSet Autocommands for "background":0
036.300  000.001  000.001: sourcing nvim_exec2() called at OptionSet Autocommands for "background":0
036.311  000.003  000.003: sourcing nvim_exec2() called at OptionSet Autocommands for "background":0
036.321  000.002  000.002: sourcing nvim_exec2() called at OptionSet Autocommands for "background":0
036.327  000.001  000.001: sourcing nvim_exec2() called at OptionSet Autocommands for "background":0
036.339  000.001  000.001: sourcing nvim_exec2() called at OptionSet Autocommands for "background":0
036.390  000.001  000.001: sourcing nvim_exec2() called at OptionSet Autocommands for "background":0
036.397  000.001  000.001: sourcing nvim_exec2() called at OptionSet Autocommands for "background":0
036.404  000.001  000.001: sourcing nvim_exec2() called at OptionSet Autocommands for "background":0
036.409  000.001  000.001: sourcing nvim_exec2() called at OptionSet Autocommands for "background":0
036.415  000.001  000.001: sourcing nvim_exec2() called at OptionSet Autocommands for "background":0
036.421  000.001  000.001: sourcing nvim_exec2() called at OptionSet Autocommands for "background":0
036.425  000.001  000.001: sourcing nvim_exec2() called at OptionSet Autocommands for "background":0
036.439  000.001  000.001: sourcing nvim_exec2() called at OptionSet Autocommands for "background":0
036.446  000.001  000.001: sourcing nvim_exec2() called at OptionSet Autocommands for "background":0
036.450  000.001  000.001: sourcing nvim_exec2() called at OptionSet Autocommands for "background":0
036.454  000.001  000.001: sourcing nvim_exec2() called at OptionSet Autocommands for "background":0
036.463  000.005  000.005: sourcing nvim_exec2() called at OptionSet Autocommands for "background":0
036.488  000.002  000.002: sourcing nvim_exec2() called at OptionSet Autocommands for "background":0
036.491  000.001  000.001: sourcing nvim_exec2() called at OptionSet Autocommands for "background":0
036.542  000.002  000.002: sourcing nvim_exec2() called at OptionSet Autocommands for "background":0
036.548  000.001  000.001: sourcing nvim_exec2() called at OptionSet Autocommands for "background":0
036.553  000.001  000.001: sourcing nvim_exec2() called at OptionSet Autocommands for "background":0
036.560  000.001  000.001: sourcing nvim_exec2() called at OptionSet Autocommands for "background":0
036.565  000.001  000.001: sourcing nvim_exec2() called at OptionSet Autocommands for "background":0
036.572  000.001  000.001: sourcing nvim_exec2() called at OptionSet Autocommands for "background":0
036.576  000.001  000.001: sourcing nvim_exec2() called at OptionSet Autocommands for "background":0
036.584  000.001  000.001: sourcing nvim_exec2() called at OptionSet Autocommands for "background":0
036.588  000.001  000.001: sourcing nvim_exec2() called at OptionSet Autocommands for "background":0
036.592  000.001  000.001: sourcing nvim_exec2() called at OptionSet Autocommands for "background":0
036.595  000.001  000.001: sourcing nvim_exec2() called at OptionSet Autocommands for "background":0
036.599  000.001  000.001: sourcing nvim_exec2() called at OptionSet Autocommands for "background":0
036.605  000.001  000.001: sourcing nvim_exec2() called at OptionSet Autocommands for "background":0
036.608  000.001  000.001: sourcing nvim_exec2() called at OptionSet Autocommands for "background":0
036.612  000.001  000.001: sourcing nvim_exec2() called at OptionSet Autocommands for "background":0
036.623  000.001  000.001: sourcing nvim_exec2() called at OptionSet Autocommands for "background":0
036.625  000.001  000.001: sourcing nvim_exec2() called at OptionSet Autocommands for "background":0
036.629  000.001  000.001: sourcing nvim_exec2() called at OptionSet Autocommands for "background":0
036.631  000.001  000.001: sourcing nvim_exec2() called at OptionSet Autocommands for "background":0
036.634  000.001  000.001: sourcing nvim_exec2() called at OptionSet Autocommands for "background":0
036.659  000.001  000.001: sourcing nvim_exec2() called at OptionSet Autocommands for "background":0
036.663  000.003  000.003: sourcing nvim_exec2() called at OptionSet Autocommands for "background":0
036.667  000.001  000.001: sourcing nvim_exec2() called at OptionSet Autocommands for "background":0
036.669  000.001  000.001: sourcing nvim_exec2() called at OptionSet Autocommands for "background":0
036.672  000.002  000.002: sourcing nvim_exec2() called at OptionSet Autocommands for "background":0
036.742  000.002  000.002: sourcing nvim_exec2() called at OptionSet Autocommands for "background":0
036.746  000.001  000.001: sourcing nvim_exec2() called at OptionSet Autocommands for "background":0
036.749  000.001  000.001: sourcing nvim_exec2() called at OptionSet Autocommands for "background":0
036.752  000.001  000.001: sourcing nvim_exec2() called at OptionSet Autocommands for "background":0
036.754  000.001  000.001: sourcing nvim_exec2() called at OptionSet Autocommands for "background":0
036.757  000.001  000.001: sourcing nvim_exec2() called at OptionSet Autocommands for "background":0
036.778  000.001  000.001: sourcing nvim_exec2() called at OptionSet Autocommands for "background":0
036.782  000.001  000.001: sourcing nvim_exec2() called at OptionSet Autocommands for "background":0
036.785  000.001  000.001: sourcing nvim_exec2() called at OptionSet Autocommands for "background":0
036.788  000.001  000.001: sourcing nvim_exec2() called at OptionSet Autocommands for "background":0
036.791  000.001  000.001: sourcing nvim_exec2() called at OptionSet Autocommands for "background":0
036.794  000.001  000.001: sourcing nvim_exec2() called at OptionSet Autocommands for "background":0
036.808  000.001  000.001: sourcing nvim_exec2() called at OptionSet Autocommands for "background":0
036.822  000.001  000.001: sourcing nvim_exec2() called at OptionSet Autocommands for "background":0
036.826  000.001  000.001: sourcing nvim_exec2() called at OptionSet Autocommands for "background":0
036.829  000.001  000.001: sourcing nvim_exec2() called at OptionSet Autocommands for "background":0
036.832  000.001  000.001: sourcing nvim_exec2() called at OptionSet Autocommands for "background":0
036.834  000.001  000.001: sourcing nvim_exec2() called at OptionSet Autocommands for "background":0
036.837  000.001  000.001: sourcing nvim_exec2() called at OptionSet Autocommands for "background":0
036.847  000.001  000.001: sourcing nvim_exec2() called at OptionSet Autocommands for "background":0
036.860  000.001  000.001: sourcing nvim_exec2() called at OptionSet Autocommands for "background":0
036.864  000.001  000.001: sourcing nvim_exec2() called at OptionSet Autocommands for "background":0
036.867  000.001  000.001: sourcing nvim_exec2() called at OptionSet Autocommands for "background":0
036.869  000.001  000.001: sourcing nvim_exec2() called at OptionSet Autocommands for "background":0
036.872  000.001  000.001: sourcing nvim_exec2() called at OptionSet Autocommands for "background":0
036.874  000.001  000.001: sourcing nvim_exec2() called at OptionSet Autocommands for "background":0
036.885  000.001  000.001: sourcing nvim_exec2() called at OptionSet Autocommands for "background":0
036.902  000.001  000.001: sourcing nvim_exec2() called at OptionSet Autocommands for "background":0
036.968  000.006  000.006: sourcing nvim_exec2() called at OptionSet Autocommands for "background":0
036.976  000.002  000.002: sourcing nvim_exec2() called at OptionSet Autocommands for "background":0
036.983  000.005  000.005: sourcing nvim_exec2() called at OptionSet Autocommands for "background":0
036.987  000.003  000.003: sourcing nvim_exec2() called at OptionSet Autocommands for "background":0
036.991  000.002  000.002: sourcing nvim_exec2() called at OptionSet Autocommands for "background":0
037.059  001.194: VimEnter autocommands
037.069  000.011: UIEnter autocommands
037.070  000.001: before starting main loop
037.274  000.204: first screen update
037.275  000.001: --- NVIM STARTED ---

